// Jest Snapshot v1, https://goo.gl/fbAQLP

exports[`CharacterCard.vue should have a custom title and subtitle and match snapshot 1`] = `
<div class="v-card v-sheet theme--light">
  <div class="v-image v-responsive white--text align-end theme--light" cover="">
    <transition-stub name="fade-transition" mode="in-out">
      <div class="v-image__image v-image__image--preload v-image__image--cover" style="background-position: center center;"></div>
    </transition-stub>
    <div class="v-responsive__content"></div>
  </div>
  <div class="v-card__title">Rick Sanchez</div>
  <div class="v-card__subtitle"><span>Earth (C-137)</span></div>
  <div class="v-card__actions"><button type="button" class="v-btn v-btn--text theme--light v-size--default" style="color: rgb(59, 181, 192); caret-color: #3bb5c0;"><span class="v-btn__content"> Epis√≥dios </span></button>
    <div class="spacer"></div> <button type="button" class="v-btn v-btn--icon v-btn--round theme--light v-size--default"><span class="v-btn__content"><i aria-hidden="true" class="v-icon notranslate mdi mdi-chevron-down theme--light"></i></span></button>
  </div>
  <transition-stub name="expand-transition">
    <div data-testid="episodes" style="display: none;">
      <hr role="separator" aria-orientation="horizontal" class="v-divider theme--light">
      <div class="v-card__text">
        <div class="v-virtual-scroll" style="min-height: 65px; max-height: 150px;">
          <div class="v-virtual-scroll__container" style="height: 100px;">
            <div class="v-virtual-scroll__item" style="top: 0px;">
              <div tabindex="-1" class="v-list-item v-list-item--two-line theme--light">
                <div class="v-list-item__content">
                  <div class="v-list-item__title">
                    S01E01
                  </div>
                  <div class="v-list-item__subtitle">
                    Pilot
                  </div>
                </div>
              </div>
            </div>
            <div class="v-virtual-scroll__item" style="top: 50px;">
              <div tabindex="-1" class="v-list-item v-list-item--two-line theme--light">
                <div class="v-list-item__content">
                  <div class="v-list-item__title">
                    S01E02
                  </div>
                  <div class="v-list-item__subtitle">
                    Lawnmower Dog
                  </div>
                </div>
              </div>
            </div>
          </div>
        </div>
      </div>
    </div>
  </transition-stub>
</div>
`;
